17:24:47 **** Incremental Build of configuration Debug for project I2C ****
make -j4 all 
arm-none-eabi-gcc "../Src/main.c" -mcpu=cortex-m4 -std=gnu11 -g3 -DDEBUG -DSTM32 -DSTM32F4 -DSTM32F446RETx -DNUCLEO_F446RE -DSTM32F446xx -c -I../Inc -I"C:/stm32_training/chip_headers/Drivers/CMSIS/Include" -I"C:/stm32_training/chip_headers/Drivers/CMSIS/Device/ST/STM32F4xx/Include" -O0 -ffunction-sections -fdata-sections -Wall -fstack-usage -fcyclomatic-complexity -MMD -MP -MF"Src/main.d" -MT"Src/main.o" --specs=nano.specs -mfpu=fpv4-sp-d16 -mfloat-abi=hard -mthumb -o "Src/main.o"
arm-none-eabi-gcc -o "I2C.elf" @"objects.list"   -mcpu=cortex-m4 -T"C:\stm32_training\I2C\STM32F446RETX_FLASH.ld" --specs=nosys.specs -Wl,-Map="I2C.map" -Wl,--gc-sections -static --specs=nano.specs -mfpu=fpv4-sp-d16 -mfloat-abi=hard -mthumb -Wl,--start-group -lc -lm -Wl,--end-group
Finished building target: I2C.elf
 
arm-none-eabi-size  I2C.elf 
arm-none-eabi-objdump -h -S I2C.elf  > "I2C.list"
   text	   data	    bss	    dec	    hex	filename
   1496	      0	   1568	   3064	    bf8	I2C.elf
Finished building: default.size.stdout
 
Finished building: I2C.list
 

17:24:48 Build Finished. 0 errors, 0 warnings. (took 846ms)

