02:15:50 **** Incremental Build of configuration Debug for project PWM_LED_brightness_control ****
make -j4 all 
arm-none-eabi-gcc "../Src/main.c" -mcpu=cortex-m4 -std=gnu11 -g3 -DDEBUG -DSTM32 -DSTM32F4 -DSTM32F446RETx -DNUCLEO_F446RE -DSTM32F446xx -c -I../Inc -I"C:/stm32_training/chip_headers/Drivers/CMSIS/Device/ST/STM32F4xx/Include" -I"C:/stm32_training/chip_headers/Drivers/CMSIS/Include" -O0 -ffunction-sections -fdata-sections -Wall -fstack-usage -fcyclomatic-complexity -MMD -MP -MF"Src/main.d" -MT"Src/main.o" --specs=nano.specs -mfpu=fpv4-sp-d16 -mfloat-abi=hard -mthumb -o "Src/main.o"
arm-none-eabi-gcc -o "PWM_LED_brightness_control.elf" @"objects.list"   -mcpu=cortex-m4 -T"C:\stm32_training\PWM_LED_brightness_control\STM32F446RETX_FLASH.ld" --specs=nosys.specs -Wl,-Map="PWM_LED_brightness_control.map" -Wl,--gc-sections -static --specs=nano.specs -mfpu=fpv4-sp-d16 -mfloat-abi=hard -mthumb -Wl,--start-group -lc -lm -Wl,--end-group
Finished building target: PWM_LED_brightness_control.elf
 
arm-none-eabi-size  PWM_LED_brightness_control.elf 
arm-none-eabi-objdump -h -S PWM_LED_brightness_control.elf  > "PWM_LED_brightness_control.list"
   text	   data	    bss	    dec	    hex	filename
   4048	     80	   1896	   6024	   1788	PWM_LED_brightness_control.elf
Finished building: default.size.stdout
 
Finished building: PWM_LED_brightness_control.list
 

02:15:51 Build Finished. 0 errors, 0 warnings. (took 870ms)

